// Jest Snapshot v1, https://goo.gl/fbAQLP

exports[`renders correctly 1`] = `
<RCTSafeAreaView
  style={
    {
      "backgroundColor": "#F3F3F3",
    }
  }
>
  <View
    style={
      {
        "height": "100%",
        "width": "100%",
      }
    }
  >
    <Text>
      test
    </Text>
    <View
      style={
        {
          "height": "100%",
          "width": "100%",
        }
      }
    />
  </View>
</RCTSafeAreaView>
`;
