// Jest Snapshot v1, https://goo.gl/fbAQLP

exports[`App tests renders correctly 1`] = `
<RCTSafeAreaView
  style={
    {
      "flex": 1,
    }
  }
>
  <View
    style={
      {
        "flex": 1,
      }
    }
  >
    <RNCSafeAreaProvider
      onInsetsChange={[Function]}
      style={
        [
          {
            "flex": 1,
          },
          undefined,
        ]
      }
    >
      <RNSScreenStack
        style={
          {
            "flex": 1,
          }
        }
      >
        <RNSScreen
          collapsable={false}
          gestureResponseDistance={
            {
              "bottom": -1,
              "end": -1,
              "start": -1,
              "top": -1,
            }
          }
          nativeBackButtonDismissalEnabled={false}
          onAppear={[Function]}
          onDisappear={[Function]}
          onDismissed={[Function]}
          onHeaderBackButtonClicked={[Function]}
          onNativeDismissCancelled={[Function]}
          onTransitionProgress={[Function]}
          onWillDisappear={[Function]}
          replaceAnimation="push"
          sheetAllowedDetents="large"
          sheetCornerRadius={-1}
          sheetExpandsWhenScrolledToEdge={true}
          sheetGrabberVisible={false}
          sheetLargestUndimmedDetent="all"
          stackPresentation="push"
          style={
            {
              "bottom": 0,
              "left": 0,
              "position": "absolute",
              "right": 0,
              "top": 0,
            }
          }
          swipeDirection="horizontal"
        >
          <RNSScreenStackHeaderConfig
            backButtonInCustomView={false}
            backTitleVisible={true}
            backgroundColor="#18181b"
            color="#fff"
            direction="ltr"
            disableBackButtonMenu={false}
            hidden={false}
            hideBackButton={false}
            largeTitleHideShadow={false}
            title="Архив стримов BlackUFA"
            titleColor="white"
            topInsetEnabled={false}
            translucent={false}
          />
          <View
            accessibilityElementsHidden={false}
            importantForAccessibility="auto"
            style={
              {
                "flex": 1,
                "flexDirection": "column-reverse",
              }
            }
          >
            <View
              style={
                [
                  {
                    "flex": 1,
                  },
                  {
                    "backgroundColor": "rgb(242, 242, 242)",
                  },
                  {
                    "backgroundColor": "#161616",
                  },
                ]
              }
            >
              <RCTSafeAreaView
                style={
                  {
                    "flex": 1,
                  }
                }
                testID="home-view"
              />
            </View>
          </View>
        </RNSScreen>
      </RNSScreenStack>
    </RNCSafeAreaProvider>
  </View>
</RCTSafeAreaView>
`;
